
===== exp02_noise =====
lotka_volterra sigma=0.0: coeff_err=1.567e-11 jaccard=1.000 rollout=1.900e-10
lotka_volterra sigma=0.005: coeff_err=1.203e-03 jaccard=1.000 rollout=1.073e-02
lotka_volterra sigma=0.01: coeff_err=4.766e-03 jaccard=0.933 rollout=3.765e-02
lotka_volterra sigma=0.02: coeff_err=1.602e-02 jaccard=0.908 rollout=1.022e-01
lotka_volterra sigma=0.05: coeff_err=9.472e-02 jaccard=0.842 rollout=1.000e+05
lorenz sigma=0.0: coeff_err=5.241e-11 jaccard=0.600 rollout=6.014e-10
lorenz sigma=0.005: coeff_err=1.408e-02 jaccard=0.577 rollout=3.950e-02
lorenz sigma=0.01: coeff_err=8.895e-02 jaccard=0.551 rollout=2.219e-01
lorenz sigma=0.02: coeff_err=2.174e-01 jaccard=0.598 rollout=4.326e-01
lorenz sigma=0.05: coeff_err=7.362e-01 jaccard=0.572 rollout=2.667e+05
[saved] C:\Users\Deves\OneDrive\Desktop\MATH_2_NEW\research\experiments\S6\results\exp02_noise.json
verdict: {'lotka_volterra': {'max_noise_with_recovery_mean': 0.005}, 'lorenz': {'max_noise_with_recovery_mean': None}}
[ok] exp02_noise in 733.5s

===== exp04_pendulum_period =====
series coefficients vs theory:
  const : 6.2831916341875305 vs 6.283185307179586 (1.01e-06)
  th^2  : 0.39248887435771956 vs 0.39269908169872414 (5.35e-04)
  th^4  : 0.023631346540002623 vs 0.022498384888989403 (5.04e-02)
  amp    45 deg: disc err 8.401e-06 | small-angle err 3.844e-02
  amp    60 deg: disc err 1.452e-04 | small-angle err 6.819e-02
  amp    75 deg: disc err 7.873e-04 | small-angle err 1.063e-01
  amp    90 deg: disc err 2.806e-03 | small-angle err 1.528e-01
  amp   105 deg: disc err 7.924e-03 | small-angle err 2.077e-01
  amp   120 deg: disc err 1.930e-02 | small-angle err 2.716e-01
unseen g/L: {'g_over_L': 1.25, 'amp_deg': 30.0, 'predicted_T': 5.717689189652122, 'measured_T': 5.717686646730568, 'rel_err': 4.447465751233892e-07}
GP structure discovery: nmse=9.554e-03 holdout=9.554e-03
GP expression: (-gL*(0.0036 - sin(gL)) + 2*gL + 3.3614)/gL
[saved] C:\Users\Deves\OneDrive\Desktop\MATH_2_NEW\research\experiments\S6\results\exp04_period.json
[ok] exp04_pendulum_period in 155.4s

===== exp05_kepler =====
discovered log T = c0 + c1*log(a) + c2*log(mu) + c3*e + c4*e^2
   c0 (expect log 2pi): +1.83787707
   c1 (expect 1.5): +1.50000000
   c2 (expect -0.5): -0.50000000
   c3 (expect 0): +0.00000000
   c4 (expect 0): -0.00000000
train RMS(resid)=2.281e-12  held-out RMS=9.245e-11
c3 95% CI: [3.9998981904432185e-10, 4.407308712428559e-10]  contains 0: False
c4 95% CI: [-1.0644956541239204e-09, -9.299020501535304e-10]  contains 0: False
drag run: first-orbits mean period 2.1900000000000004 vs clean-Kepler 8.259461581745484; per-orbit relative drift=-0.4695945945945945
Kepler relation flagged violated under drag: True
[saved] C:\Users\Deves\OneDrive\Desktop\MATH_2_NEW\research\experiments\S6\results\exp05_kepler.json
[ok] exp05_kepler in 105.3s
