
===== exp01_known_laws =====
--- damped_oscillator: coeff_err=7.81e-12 jaccard=1.0 rollout=3.81e-11 -> RECOVERED
    x_dot = +1*v
    v_dot = -2*x  -0.3*v
--- lotka_volterra: coeff_err=1.57e-11 jaccard=1.0 rollout=1.90e-10 -> RECOVERED
    x_dot = +1*x  -0.1*x*y
    y_dot = -1.1*y  +0.4*x*y
--- lorenz63: coeff_err=5.24e-11 jaccard=1.0 rollout=5.94e-10 -> RECOVERED
    x_dot = -10*x  +10*y
    y_dot = +28*x  -1*y  -1*x*z
    z_dot = -2.66667*z  +1*x*y
[saved] C:\Users\Deves\OneDrive\Desktop\MATH_2_NEW\research\experiments\S6\results\exp01_known_laws.json
[ok] exp01_known_laws in 3.9s

===== exp03_simplification =====
S1_sincos seed0: nodes=5 holdout_nmse=0.00e+00 equiv=True expr=sin(x)*cos(x)
S1_sincos seed1: nodes=5 holdout_nmse=0.00e+00 equiv=True expr=sin(x)*cos(x)
S1_sincos seed2: nodes=5 holdout_nmse=0.00e+00 equiv=True expr=sin(x)*cos(x)
S1_sincos seed3: nodes=9 holdout_nmse=3.02e-32 equiv=True expr=sin(x)*cos(x)
S1_sincos seed4: nodes=5 holdout_nmse=0.00e+00 equiv=True expr=sin(x)*cos(x)
S2_rational seed0: nodes=10 holdout_nmse=5.73e-32 equiv=True expr=x**2 + x + 1
S2_rational seed1: nodes=9 holdout_nmse=8.63e-32 equiv=True expr=x**2 + x + 1
S2_rational seed2: nodes=17 holdout_nmse=4.50e-05 equiv=False expr=exp(x - (x - 1.7696)*exp(-1.7839/sqrt(Abs(x)))*cos(sqrt(Abs(cos(x)))))
S2_rational seed3: nodes=17 holdout_nmse=4.54e-05 equiv=False expr=exp(x) + sin(x**2)/(0.526765395177357*sin(x**2) + 2.533)
S2_rational seed4: nodes=24 holdout_nmse=4.13e-05 equiv=False expr=0.0927*(0.0270212627727708*exp(x**2) + 3.93481390341897)*sin(sin(x**2)) + exp(x)
S3_log seed0: nodes=7 holdout_nmse=1.49e-18 equiv=True expr=log(Abs(x + 1) + 1.0e-9)
S3_log seed1: nodes=15 holdout_nmse=1.56e-18 equiv=True expr=log(Abs(x + zoo*cos(x - 2.9566)) + 1.0e-9)
S3_log seed2: nodes=6 holdout_nmse=1.56e-18 equiv=True expr=log(Abs(x + 1) + 1.0e-9)
S3_log seed3: nodes=6 holdout_nmse=1.51e-18 equiv=True expr=log(Abs(x + 1) + 1.0e-9)
S3_log seed4: nodes=11 holdout_nmse=1.47e-18 equiv=True expr=log(Abs(x + zoo*(x + sqrt(Abs(x)))) + 1.0e-9)
[saved] C:\Users\Deves\OneDrive\Desktop\MATH_2_NEW\research\experiments\S6\results\exp03_occam.json
[ok] exp03_simplification in 119.3s
