
===== exp01_known_laws =====
--- damped_oscillator: coeff_err=7.81e-12 jaccard=1.0 rollout=3.81e-11 -> RECOVERED
    x_dot = +1*v
    v_dot = -2*x  -0.3*v
--- lotka_volterra: coeff_err=1.57e-11 jaccard=1.0 rollout=1.90e-10 -> RECOVERED
    x_dot = +1*x  -0.1*x*y
    y_dot = -1.1*y  +0.4*x*y
--- lorenz63: coeff_err=5.24e-11 jaccard=1.0 rollout=5.94e-10 -> RECOVERED
    x_dot = -10*x  +10*y
    y_dot = +28*x  -1*y  -1*x*z
    z_dot = -2.66667*z  +1*x*y
[saved] C:\Users\Deves\OneDrive\Desktop\MATH_2_NEW\research\experiments\S6\results\exp01_known_laws.json
[ok] exp01_known_laws in 1.9s

===== exp02_noise =====
lotka_volterra sigma=0.0: coeff_err=1.567e-11 jaccard=1.000 rollout=1.900e-10
lotka_volterra sigma=0.005: coeff_err=1.203e-03 jaccard=1.000 rollout=1.073e-02
lotka_volterra sigma=0.01: coeff_err=4.766e-03 jaccard=0.844 rollout=3.765e-02
lotka_volterra sigma=0.02: coeff_err=1.602e-02 jaccard=0.844 rollout=1.022e-01
lotka_volterra sigma=0.05: coeff_err=9.472e-02 jaccard=0.267 rollout=1.000e+05
lorenz sigma=0.0: coeff_err=5.241e-11 jaccard=1.000 rollout=6.014e-10
lorenz sigma=0.005: coeff_err=1.408e-02 jaccard=0.907 rollout=3.950e-02
lorenz sigma=0.01: coeff_err=8.895e-02 jaccard=0.460 rollout=2.219e-01
lorenz sigma=0.02: coeff_err=2.174e-01 jaccard=0.379 rollout=4.326e-01
lorenz sigma=0.05: coeff_err=7.362e-01 jaccard=0.236 rollout=2.667e+05
[saved] C:\Users\Deves\OneDrive\Desktop\MATH_2_NEW\research\experiments\S6\results\exp02_noise.json
verdict: {'lotka_volterra': {'max_noise_with_recovery_mean': 0.005}, 'lorenz': {'max_noise_with_recovery_mean': 0.0}}
[ok] exp02_noise in 362.8s

===== exp03_simplification =====
S1_sincos seed0: nodes=5 holdout_nmse=0.00e+00 equiv=True expr=sin(x)*cos(x)
S1_sincos seed1: nodes=5 holdout_nmse=0.00e+00 equiv=True expr=sin(x)*cos(x)
S1_sincos seed2: nodes=5 holdout_nmse=0.00e+00 equiv=True expr=sin(x)*cos(x)
S1_sincos seed3: nodes=11 holdout_nmse=5.77e-18 equiv=True expr=log(exp(sin(re(x))*cosh(im(x))) + 1.0e-9)*cos(x)
S1_sincos seed4: nodes=19 holdout_nmse=0.00e+00 equiv=True expr=sin(x)*cos(x)
S2_rational seed0: nodes=9 holdout_nmse=7.46e-32 equiv=True expr=x**2 + x + 1
S2_rational seed1: nodes=34 holdout_nmse=1.42e-05 equiv=False expr=-(-x - 0.5206)*(x + 0.434968841635187) + cos(cos(exp(-0.224977478738925*exp(-x))))
S2_rational seed2: nodes=19 holdout_nmse=4.67e-05 equiv=False expr=exp(x - 0.155719339163077*exp(-0.0568*x)*sin(x*sin(x - 1.789)))
S2_rational seed3: nodes=17 holdout_nmse=9.32e-32 equiv=True expr=x**2 + x + 1
S2_rational seed4: nodes=9 holdout_nmse=6.83e-32 equiv=True expr=x**2 + x + 1
S3_log seed0: nodes=6 holdout_nmse=1.51e-18 equiv=True expr=log(Abs(x + 1) + 1.0e-9)
S3_log seed1: nodes=6 holdout_nmse=1.50e-18 equiv=True expr=log(Abs(x + 1) + 1.0e-9)
S3_log seed2: nodes=6 holdout_nmse=1.52e-18 equiv=True expr=log(Abs(x + 1) + 1.0e-9)
S3_log seed3: nodes=8 holdout_nmse=1.44e-18 equiv=True expr=log(Abs(x + 1) + 1.0e-9)
S3_log seed4: nodes=6 holdout_nmse=1.48e-18 equiv=True expr=log(Abs(x + 1) + 1.0e-9)
[saved] C:\Users\Deves\OneDrive\Desktop\MATH_2_NEW\research\experiments\S6\results\exp03_occam.json
[ok] exp03_simplification in 36.8s

===== exp04_pendulum_period =====
series coefficients vs theory:
  const : 6.2831916341875305 vs 6.283185307179586 (1.01e-06)
  th^2  : 0.39248887435771956 vs 0.39269908169872414 (5.35e-04)
  th^4  : 0.023631346540002623 vs 0.022498384888989403 (5.04e-02)
  amp    45 deg: disc err 8.401e-06 | small-angle err 3.844e-02
  amp    60 deg: disc err 1.452e-04 | small-angle err 6.819e-02
  amp    75 deg: disc err 7.873e-04 | small-angle err 1.063e-01
  amp    90 deg: disc err 2.806e-03 | small-angle err 1.528e-01
  amp   105 deg: disc err 7.924e-03 | small-angle err 2.077e-01
  amp   120 deg: disc err 1.930e-02 | small-angle err 2.716e-01
unseen g/L: {'g_over_L': 1.25, 'amp_deg': 30.0, 'predicted_T': 5.717689189652122, 'measured_T': 5.717686646730568, 'rel_err': 4.447465751233892e-07}
dimensionless collapse: max within-amplitude spread of tau across g/L values = 1.33e-12 (0 means perfect collapse)
GP structure discovery: nmse=9.554e-03 holdout=9.554e-03
GP expression: (-gL*(0.0036 - sin(gL)) + 2*gL + 3.3614)/gL
[saved] C:\Users\Deves\OneDrive\Desktop\MATH_2_NEW\research\experiments\S6\results\exp04_period.json
[ok] exp04_pendulum_period in 37.1s

===== exp05_kepler =====
discovered log T = c0 + c1*log(a) + c2*log(mu) + c3*e + c4*e^2
   c0 (expect log 2pi): +1.83787707
   c1 (expect 1.5): +1.50000000
   c2 (expect -0.5): -0.50000000
   c3 (expect 0): +0.00000000
   c4 (expect 0): -0.00000000
train RMS(resid)=2.281e-12  held-out RMS=9.245e-11
c3 95% CI: [3.9998981904432185e-10, 4.407308712428559e-10]  contains 0: False
c4 95% CI: [-1.0644956541239204e-09, -9.299020501535304e-10]  contains 0: False
eccentricity practically invariant (|c|<1e-6): True
drag run: first-orbits mean period 2.1900000000000004 vs clean-Kepler 8.259461581745484; per-orbit relative drift=-0.4695945945945945
Kepler relation flagged violated under drag: True
[saved] C:\Users\Deves\OneDrive\Desktop\MATH_2_NEW\research\experiments\S6\results\exp05_kepler.json
[ok] exp05_kepler in 42.0s

===== exp06_rlc =====
measurement stage: median rel err alpha=1.19e-04 omega_d=1.68e-04; max=1.79e-01/4.50e-01 (worst cells are low-Q circuits near the overdamped boundary; 0 unmeasurable cells excluded)
alpha  = 0.50031023 * (R/L) + -1.46e-01   [expect 0.5, 0]
omega_d^2 = 1.00007921 * 1/(LC) + -0.24988258 * R^2/L^2 + +4.688e+02   [expect 1, -0.25, 0]
held-out prediction error: alpha 5.22e-03, omega_d 6.14e-04
[saved] C:\Users\Deves\OneDrive\Desktop\MATH_2_NEW\research\experiments\S6\results\exp06_rlc.json
[ok] exp06_rlc in 9.9s

===== exp07_invariants =====
== Duffing conservative ==
   sigma_ratio: 1.9570002284640672e-09
   spectral_gap: 33501404.97175308
   heldout_conservation_ratio: 1.9958376326332145e-09
   affine_R2_vs_true_H: 1.0
   resid_over_rangeH: 1.965709127845862e-09
   cos_angle_to_H_direction: 1.0000000000000002
   detected: True
== Central force ==
   sigma_ratio: 3.2691601752779546e-09
   spectral_gap: 4279877.818878358
   heldout_conservation_ratio: 1.7872025829032872e-09
   cos_angle_to_Lz_direction: 1.0
   detected: True
   note: energy is NOT polynomial (contains 1/r); only Lz is recoverable
== Negative controls ==
   damped_delta0.3: {'sigma_ratio': 0.007499129875489532, 'spectral_gap': 1.7116193247109361, 'correctly_rejected': True}
   forced_F0.5: {'sigma_ratio': 0.009812599800316785, 'spectral_gap': 6.498402768744162, 'correctly_rejected': True}
== Dissipation calibration sweep ==
delta=0.000: sigma_ratio=1.96e-09 gap=3.35e+07 detected=True
delta=0.005: sigma_ratio=1.45e-03 gap=5.05e+01 detected=False
delta=0.010: sigma_ratio=2.85e-03 gap=2.96e+01 detected=False
delta=0.020: sigma_ratio=5.55e-03 gap=1.86e+01 detected=False
delta=0.050: sigma_ratio=1.28e-02 gap=8.27e+00 detected=False
delta=0.100: sigma_ratio=2.22e-02 gap=3.43e+00 detected=False
delta=0.200: sigma_ratio=3.46e-02 gap=1.55e+00 detected=False
delta=0.300: sigma_ratio=3.55e-02 gap=1.12e+00 detected=False
[saved] C:\Users\Deves\OneDrive\Desktop\MATH_2_NEW\research\experiments\S6\results\exp07_invariants.json
[ok] exp07_invariants in 4.7s

===== exp08_adversarial =====
A1 iid-noise: runs where STLSQ returns nonzero support: 7/30 (counts [0, 1, 3, 5, 7, 11, 19]); after generalization gate: false laws = 0/30
A1 smooth-OU control: support=0, held-out gate NMSE=1.000 -> claimed law: False
A1 GP on pure noise: best NMSE=1.000 (1.0 == nothing)
A2 out-of-class y=tanh(2x): holdout NMSE=5.188e-05, nodes=16, extrapolation NMSE=1.329e+00 -> NOT a law: fits in-domain (5.2e-05 NMSE, 16 nodes) but extrapolation NMSE=1.33e+00 -> domain-limited curve fit
A3 confounder: observational dY/dX ~= -0.769 (strong spurious link); interventional mean R^2 = 0.0005 (link gone)
A4 chaos: lambda=0.945 (literature 0.906); horizons medians: discovered=21.71, twin(1e-10)=24.675, twin(1e-6)=16.939999999999998
   theory-predicted horizons: {'twin_1e-10': 26.682910958219296, 'discovered': 27.366343974602007}
   measured twin-horizon gap=7.735000000000003s vs theory ln(1e4)/lam=9.74s